
> KITA-frontend@0.1.0 build
> next build

npm : ΓÜá Warning: 
Next.js inferred 
your workspace 
root, but it may 
not be correct.
At line:1 char:1
+ npm run build 
2>&1 | Out-File 
-FilePath 
build_output.txt 
-Encoding ut ...
+ ~~~~~~~~~~~~~~~~~~
    + CategoryInfo  
            : NotS  
  pecified: (ΓÜá    
 Warning: Ne...n    
ot be correct.:    
String) [], Rem    
oteException
    + FullyQualifie 
   dErrorId : Nati  
  veCommandError
 
 We detected 
multiple lockfiles 
and selected the 
directory of 
C:\Users\Ari Azis\Ha
ckathon2025\nunggu\p
ackage-lock.json as 
the root directory.
 To silence this 
warning, set 
`turbopack.root` in 
your Next.js 
config, or consider 
removing one of the 
lockfiles if it's 
not needed.
   See https://nextj
s.org/docs/app/api-r
eference/config/next
-config-js/turbopack
#root-directory for 
more information.
 Detected 
additional 
lockfiles: 
   * C:\Users\Ari Az
is\Hackathon2025\nun
ggu\frontend\package
-lock.json

Γû▓ Next.js 16.1.2 (Turbopack)

  Creating an optimized production build ...
Γ£ô Compiled successfully in 16.2s
  Running TypeScript ...
  Collecting page data using 15 workers ...
  Generating static pages using 15 workers (0/25) ...
Project ID Not 
Configured - update 
configuration on 
cloud.reown.com
[Reown Config] 
Failed to fetch 
remote project 
configuration. 
Using local/default 
values. Error: HTTP 
status code: 403
    at e 
(C:\Users\Ari Azis\H
ackathon2025\nunggu\
frontend\.next\serve
r\chunks\ssr\9e883_5
64eed23._.js:1:24470
)
    at async f.get 
(C:\Users\Ari Azis\H
ackathon2025\nunggu\
frontend\.next\serve
r\chunks\ssr\9e883_5
64eed23._.js:1:24679
)
    at async Object.
fetchProjectConfig 
(C:\Users\Ari Azis\H
ackathon2025\nunggu\
frontend\.next\serve
r\chunks\ssr\9e883_5
64eed23._.js:2:10769
)
    at async Object.
fetchRemoteFeatures 
(C:\Users\Ari Azis\H
ackathon2025\nunggu\
frontend\.next\serve
r\chunks\ssr\9e883_@
reown_appkit_dist_es
m_exports_core_111e9
129.js:10:223962)
    at async 
kM.initialize 
(C:\Users\Ari Azis\H
ackathon2025\nunggu\
frontend\.next\serve
r\chunks\ssr\9e883_@
reown_appkit_dist_es
m_exports_core_111e9
129.js:10:229585) {
  [cause]: Response 
{
    status: 403,
    statusText: 
'Forbidden',
    headers: 
Headers {
      date: 'Mon, 
02 Feb 2026 
07:03:21 GMT',
      
'content-type': 
'text/plain; 
charset=UTF-8',
      
'content-length': 
'9',
      connection: 
'keep-alive',
      'cf-ray': '9c7
7d4060a23ff8d-SIN',
      'access-contro
l-allow-origin': 
'*',
      
'cache-control': 
'public, 
max-age=300, 
s-maxage=300',
      vary: 
'Accept-Encoding',
      server: 
'cloudflare',
      'alt-svc': 
'h3=":443"; 
ma=86400'
    },
    body: undefined,
    bodyUsed: false,
    ok: false,
    redirected: 
false,
    type: 'default',
    url: 'https://ap
i.web3modal.org/appk
it/v1/config?st=appk
it&sv=html-core-1.7.
8'
  }
}
  Generating static pages using 15 workers (6/25) 
  Generating static pages using 15 workers (12/25) 
  Generating static pages using 15 workers (18/25) 
Γ£ô Generating static pages using 15 workers (25/25) in 2.4s
  Finalizing page optimization ...

Route (app)
Γöî Γùï /
Γö£ Γùï /_not-found
Γö£ Γùï /create
Γö£ Γùï /dashboard
Γö£ Γùï /history
Γö£ Γùï /login
Γö£ Γùï /login/otp
Γö£ Γùï /missions
Γö£ Γùï /nabung-bareng
Γö£ ╞Æ /nabung-bareng/[id]
Γö£ Γùï /onboarding
Γö£ Γùï /onboarding/mode
Γö£ Γùï /onboarding/otp
Γö£ Γùï /onboarding/phone
Γö£ Γùï /onboarding/profile
Γö£ Γùï /onboarding/profiling
Γö£ Γùï /onboarding/success
Γö£ Γùï /onboarding/wallet
Γö£ Γùï /orders
Γö£ Γùï /profil
Γö£ Γùï /solo/buy-call
Γö£ Γùï /solo/buy-put
Γö£ Γùï /solo/cash-secured-put
Γö£ Γùï /solo/covered-call
Γöö Γùï /vaults


Γùï  (Static)   prerendered as static content
╞Æ  (Dynamic)  server-rendered on demand

